// Jest Snapshot v1, https://goo.gl/fbAQLP

exports[`components Button snapshot 1`] = `
<span
  className="button"
  onMouseDown={[MockFunction]}
>
  <span
    className="material-icons"
  />
</span>
`;
